// Jest Snapshot v1, https://goo.gl/fbAQLP

exports[`Dashboard component Should show the list of files when querying the server 1`] = `
<div
  className="relative flex flex-col min-w-0 break-words w-full mb-6 shadow-lg rounded bg-white"
>
  <div
    className="rounded-t mb-0 px-4 py-3 border-0"
  >
    <div
      className="flex flex-wrap items-center"
    >
      <div
        className="relative w-full px-4 max-w-full flex-grow flex-1 text-left"
      >
        <h3
          className="font-semibold text-lg text-gray-800"
        >
          <div
            className="flex justify-between"
          >
            <div>
              Uploaded files
            </div>
            <div>
              <button
                className="bg-green-500 text-white active:bg-green-600 font-bold uppercase text-xs px-4 py-2 rounded shadow hover:shadow-md outline-none focus:outline-none mr-1 ease-linear transition-all duration-150"
              >
                Upload another file
              </button>
            </div>
          </div>
        </h3>
      </div>
    </div>
  </div>
  <div
    className="block w-full overflow-x-auto"
  >
    <table
      className="items-center w-full bg-transparent border-collapse"
    >
      <thead>
        <tr>
          <th
            className="px-6 align-middle border border-solid py-3 text-xs uppercase border-l-0 border-r-0 whitespace-no-wrap font-semibold text-left bg-gray-100 text-gray-600 border-gray-200"
            id={0}
          >
            File name
          </th>
          <th
            className="px-6 align-middle border border-solid py-3 text-xs uppercase border-l-0 border-r-0 whitespace-no-wrap font-semibold text-left bg-gray-100 text-gray-600 border-gray-200"
            id={1}
          >
            Created at
          </th>
          <th
            className="px-6 align-middle border border-solid py-3 text-xs uppercase border-l-0 border-r-0 whitespace-no-wrap font-semibold text-left bg-gray-100 text-gray-600 border-gray-200"
            id={2}
          >
            Actions
          </th>
        </tr>
      </thead>
      <tbody>
        <tr>
          <td
            className="border-t-0 px-6 align-middle border-l-0 border-r-0 text-xs whitespace-no-wrap p-4 text-left"
            id={0}
          >
            john
             
          </td>
          <td
            className="border-t-0 px-6 align-middle border-l-0 border-r-0 text-xs whitespace-no-wrap p-4 text-left"
            id={1}
          >
            yesterday
             
          </td>
          <td
            className="border-t-0 px-6 align-middle border-l-0 border-r-0 text-xs whitespace-no-wrap p-4 text-left"
            id={2}
          >
            <ul
              className="flex"
            >
              <li
                className="pr-4"
              >
                View
              </li>
               
              <li>
                Delete
              </li>
            </ul>
             
          </td>
        </tr>
      </tbody>
    </table>
  </div>
</div>
`;
