// Jest Snapshot v1, https://goo.gl/fbAQLP

exports[`Table component Snap shot the component 1`] = `
<table
  className="w-full"
>
  <thead>
    <th
      className="text-left font-semibold uppercase py-3 px-2 border border-solid border-l-0 border-r-0 border-gray-200 bg-gray-100 text-gray-600"
    >
      title
    </th>
    <th
      className="text-left font-semibold uppercase py-3 px-2 border border-solid border-l-0 border-r-0 border-gray-200 bg-gray-100 text-gray-600"
    >
      value
    </th>
  </thead>
  <tbody>
    <tr
      className="text-black border-b border-gray-300"
    >
      <td
        className="px-2 2 pt-2"
      >
        1
      </td>
      <td
        className="px-2 2 pt-2"
      >
        2
      </td>
      <td
        colSpan={2}
      >
        <p
          className="bg-green-100 p-2 border border-green-900 w-min text-black my-2 font-light text-xs rounded"
        >
          Category
        </p>
      </td>
    </tr>
    <tr>
      <td
        className="pr-2 pt-4"
        colSpan={5}
      >
        <ul
          className="flex float-right"
        >
          <li
            className="p-2 border border-green-400 bg-green-50 text-green-700 border-r-0 rounded-l-lg"
          >
            <button
              onClick={[Function]}
            >
              <svg
                aria-hidden="true"
                className="svg-inline--fa fa-angle-double-left fa-w-14 "
                data-icon="angle-double-left"
                data-prefix="fas"
                focusable="false"
                role="img"
                style={Object {}}
                viewBox="0 0 448 512"
                xmlns="http://www.w3.org/2000/svg"
              >
                <path
                  d="M223.7 239l136-136c9.4-9.4 24.6-9.4 33.9 0l22.6 22.6c9.4 9.4 9.4 24.6 0 33.9L319.9 256l96.4 96.4c9.4 9.4 9.4 24.6 0 33.9L393.7 409c-9.4 9.4-24.6 9.4-33.9 0l-136-136c-9.5-9.4-9.5-24.6-.1-34zm-192 34l136 136c9.4 9.4 24.6 9.4 33.9 0l22.6-22.6c9.4-9.4 9.4-24.6 0-33.9L127.9 256l96.4-96.4c9.4-9.4 9.4-24.6 0-33.9L201.7 103c-9.4-9.4-24.6-9.4-33.9 0l-136 136c-9.5 9.4-9.5 24.6-.1 34z"
                  fill="currentColor"
                  style={Object {}}
                />
              </svg>
            </button>
          </li>
          <li
            className="p-2 border border-green-400 bg-green-50  border-r-0 cursor-pointer"
          >
            <button
              className="font-semibold text-black"
              onClick={[Function]}
            >
              1
            </button>
          </li>
          <li
            className="p-2 border border-green-400 bg-green-50  border-r-0 cursor-pointer"
          >
            <button
              className="text-green-700"
              onClick={[Function]}
            >
              2
            </button>
          </li>
          <li
            className="p-2 border border-green-400 bg-green-50 text-green-700 rounded-r-lg"
          >
            <button
              onClick={[Function]}
            >
              <svg
                aria-hidden="true"
                className="svg-inline--fa fa-angle-double-right fa-w-14 "
                data-icon="angle-double-right"
                data-prefix="fas"
                focusable="false"
                role="img"
                style={Object {}}
                viewBox="0 0 448 512"
                xmlns="http://www.w3.org/2000/svg"
              >
                <path
                  d="M224.3 273l-136 136c-9.4 9.4-24.6 9.4-33.9 0l-22.6-22.6c-9.4-9.4-9.4-24.6 0-33.9l96.4-96.4-96.4-96.4c-9.4-9.4-9.4-24.6 0-33.9L54.3 103c9.4-9.4 24.6-9.4 33.9 0l136 136c9.5 9.4 9.5 24.6.1 34zm192-34l-136-136c-9.4-9.4-24.6-9.4-33.9 0l-22.6 22.6c-9.4 9.4-9.4 24.6 0 33.9l96.4 96.4-96.4 96.4c-9.4 9.4-9.4 24.6 0 33.9l22.6 22.6c9.4 9.4 24.6 9.4 33.9 0l136-136c9.4-9.2 9.4-24.4 0-33.8z"
                  fill="currentColor"
                  style={Object {}}
                />
              </svg>
            </button>
          </li>
        </ul>
      </td>
    </tr>
  </tbody>
</table>
`;
