// Jest Snapshot v1, https://goo.gl/fbAQLP

exports[`Upper section component Snap shot the component 1`] = `
<section
  className="flex flex-row justify-between"
  id="upper-wrapper"
>
  <section
    className="pl-2 flex items-center"
    id="balance-intro"
  >
    <div
      className="icon pr-2"
    >
      <div
        className="m-auto m-0 p-3 text-center inline-flex items-center justify-center w-12 h-12 shadow-lg rounded-full text-2xl bg-bar-400 text-white"
      >
        foobar
      </div>
    </div>
    <div
      className="icon align-center"
    >
      <p
        className="text-xl font-bold "
      >
        foo
      </p>
      <p>
        The balance for the current month is 
        <b>
          23
        </b>
        .
      </p>
    </div>
  </section>
  <section
    className="pr-2 flex flex-col"
    id="balance-info"
  >
    <div
      className="flex"
    >
      <div
        className="text-red-300"
      >
        <span
          className="text-xl font-bold block"
        >
          <button
            className="font-bold underline pointer-cursor"
            onClick={[Function]}
          >
            Expenses
          </button>
        </span>
        <span>
          11
        </span>
      </div>
      <div
        className="pl-8 text-green-500"
      >
        <span
          className="text-xl block"
        >
          <button
            className="font-bold underline pointer-cursor"
            onClick={[Function]}
          >
            Incomes
          </button>
        </span>
        <span>
          22
        </span>
      </div>
    </div>
    <div
      className="relative w-full"
      style={
        Object {
          "maxWidth": "200px",
        }
      }
    >
      <div
        className="m-0 m-auto mt-2 h-6 w-full bg-green-200 rounded"
      >
        Â 
      </div>
      <div
        className="absolute top-0 m-0 m-auto mt-2 h-6 bg-red-200 rounded text-red-700 font-bold text-center"
        style={
          Object {
            "maxWidth": "210px",
            "width": "66px",
          }
        }
      >
        33
        %
      </div>
    </div>
  </section>
</section>
`;
